---
source: crates/confed-converter/tests/golden.rs
---
| Field | Notes                                 |
| ----- | ------------------------------------- |
| `id`  | Primary key, **never** reused         |
| pipe  | A literal \| in a cell                |
| link  | [the spec](https://example.test/spec) |
