---
source: crates/confed-converter/tests/golden.rs
---
Paragraph md 0..2 storage 0..154
Paragraph md 2..4 storage 155..255
Paragraph md 4..6 storage 256..427
Paragraph md 6..8 storage 428..503
Paragraph md 8..10 storage 504..664
Paragraph md 10..12 storage 665..747
Paragraph md 12..13 storage 748..877
