---
source: crates/confed-converter/tests/golden.rs
---
# Onboarding

Welcome to the team. This page covers your **first week**, and is *updated* whenever the process changes.

Ping `#team-platform` if anything here is wrong — it usually is.

## Day one

Get your laptop, then read the ***handbook***.
