---
source: crates/confed-convert/tests/golden.rs
---
Other md 0..2 storage 0..58
Heading md 2..4 storage 59..89
Paragraph md 4..6 storage 90..298
Admonition md 6..11 storage 299..516
Heading md 11..13 storage 517..535
Table md 13..18 storage 536..761
Heading md 18..20 storage 762..777
Code md 20..24 storage 778..979
Heading md 24..26 storage 980..998
Preserved md 26..30 storage 999..1128
TaskList md 30..32 storage 1129..1269
Rule md 32..34 storage 1270..1275
Paragraph md 34..35 storage 1276..1327
