---
source: crates/confed-convert/tests/golden.rs
---
Same-space page: [the runbook](runbook.md)

Other space: [On Call Rota](https://wiki.example.test/display/OPS/On%20Call%20Rota)

Anchored: [rollback steps](runbook.md#Rollback)

User: [557058:aaaa-bbbb](https://wiki.example.test/display/~557058:aaaa-bbbb)

Attachment: [the postmortem](.page/postmortem.pdf)

External: [external docs](https://example.test/docs?a=1&b=2)

Rich body: [**bold link**](runbook.md)
