---
source: crates/confed-convert/tests/golden.rs
---
A panel with styling we cannot express falls back to a fence.

```confluence
<ac:structured-macro ac:name="panel" ac:schema-version="1">
<ac:parameter ac:name="bgColor">#deebff</ac:parameter>
<ac:parameter ac:name="borderStyle">dashed</ac:parameter>
<ac:rich-text-body><p>Styled panel.</p></ac:rich-text-body>
</ac:structured-macro>
```
